Node works! cwd=C:\WINDOWS\system32
ZIP=true
